// Jest Snapshot v1, https://goo.gl/fbAQLP

exports[` match snapshot Confirmer 1`] = `
<div
  className="overlay"
>
  <div
    className="dialog"
  >
    <div
      className="dialog__content"
    >
      <h2
        className="dialog__title"
      >
        Action effectu√©
      </h2>
    </div>
    <hr />
    <div
      className="dialog__footer"
    >
      <button
        className="dialog__confirm"
        onClick={[Function]}
      >
        Confirmer
      </button>
    </div>
  </div>
</div>
`;
